[2026-02-08 16:06:27,950] 1025 httpx - INFO - HTTP Request: GET https://dagshub.com/api/v1/user "HTTP/1.1 200 OK"
[2026-02-08 16:06:27,970] 107 dagshub - INFO - Accessing as Srinidhi
[2026-02-08 16:06:28,784] 1025 httpx - INFO - HTTP Request: GET https://dagshub.com/api/v1/repos/srinidhisankar21/Customer-Churn-Prediction "HTTP/1.1 200 OK"
[2026-02-08 16:06:29,582] 1025 httpx - INFO - HTTP Request: GET https://dagshub.com/api/v1/user "HTTP/1.1 200 OK"
[2026-02-08 16:06:29,587] 107 dagshub - INFO - Initialized MLflow to track repo "srinidhisankar21/Customer-Churn-Prediction"
[2026-02-08 16:06:29,590] 107 dagshub - INFO - Repository srinidhisankar21/Customer-Churn-Prediction initialized!
[2026-02-08 16:06:44,427] 23 root - INFO - Starting data ingestion
[2026-02-08 16:06:55,352] 46 root - INFO - MongoDB connection closed
[2026-02-08 16:06:55,694] 68 root - INFO - Performed train test split on the dataframe
[2026-02-08 16:06:55,695] 73 root - INFO - Exporting train and test file path.
[2026-02-08 16:06:55,984] 26 root - INFO - Data Ingestion Completed and artifact: DataIngestionArtifact(train_file_path='Artifacts\\02_08_2026_16_05_59\\data_ingestion\\ingested\\train.csv', test_file_path='Artifacts\\02_08_2026_16_05_59\\data_ingestion\\ingested\\test.csv')
[2026-02-08 16:06:55,986] 35 root - INFO - Data Validation Initiated.
[2026-02-08 16:06:56,266] 35 root - INFO - Required number of columns: 33
[2026-02-08 16:06:56,266] 36 root - INFO - Dataframe has columns: 33
[2026-02-08 16:06:56,284] 105 root - WARNING - Missing value report: {'Churn Reason': 0.7346467873624423}
[2026-02-08 16:06:56,354] 115 root - WARNING - Duplicate rows found: 4492
[2026-02-08 16:06:56,354] 35 root - INFO - Required number of columns: 33
[2026-02-08 16:06:56,354] 36 root - INFO - Dataframe has columns: 33
[2026-02-08 16:06:56,365] 105 root - WARNING - Missing value report: {'Churn Reason': 0.7345635202271115}
[2026-02-08 16:06:56,382] 115 root - WARNING - Duplicate rows found: 267
[2026-02-08 16:06:56,421] 31 root - INFO - YAML file successfully written at: Artifacts\02_08_2026_16_05_59\data_validation\drift_report\report.yaml
[2026-02-08 16:06:56,648] 38 root - INFO - Data Validation Completed.
[2026-02-08 16:06:56,648] 47 root - INFO - Data Transformation Initiated.
[2026-02-08 16:06:56,648] 73 root - INFO - Starting data transformation
[2026-02-08 16:06:56,816] 40 root - INFO - Creating preprocessing object
[2026-02-08 16:06:57,033] 127 root - INFO - Class distribution BEFORE SMOTE:
Churn Value
0    8278
1    2990
Name: count, dtype: int64
[2026-02-08 16:07:00,176] 133 root - INFO - Class distribution AFTER SMOTE:
Churn Value
0    8278
1    8278
Name: count, dtype: int64
[2026-02-08 16:07:00,187] 55 root - INFO - Entered the save_object method to save the preprocessed object
[2026-02-08 16:07:00,190] 60 root - INFO - saved the preprocessed object as pickle file
[2026-02-08 16:07:00,191] 55 root - INFO - Entered the save_object method to save the preprocessed object
[2026-02-08 16:07:00,193] 60 root - INFO - saved the preprocessed object as pickle file
[2026-02-08 16:07:00,198] 51 root - INFO - Data Transformation Completed.
[2026-02-08 16:07:00,198] 36 root - INFO - >>>>>>>>>>>>>>>>>>>>>>>>>>>>>>>>>>>>>>>> Model Trainer <<<<<<<<<<<<<<<<<<<<<<<<<<<<<<<<<<<<<<<<
[2026-02-08 16:07:00,198] 60 root - INFO - Model Training Initiated
[2026-02-08 16:07:00,199] 176 root - INFO - Loading transformed training dataset
[2026-02-08 16:07:00,239] 184 root - INFO - Splitting training and testing input and target feature
[2026-02-08 16:07:00,240] 188 root - INFO - Initiating model training
[2026-02-08 16:16:23,159] 65 root - INFO - Model tracked in MLflow
[2026-02-08 16:17:15,135] 65 root - INFO - Model tracked in MLflow
[2026-02-08 16:17:15,969] 55 root - INFO - Entered the save_object method to save the preprocessed object
[2026-02-08 16:17:16,098] 60 root - INFO - saved the preprocessed object as pickle file
[2026-02-08 16:17:16,098] 55 root - INFO - Entered the save_object method to save the preprocessed object
[2026-02-08 16:17:16,226] 60 root - INFO - saved the preprocessed object as pickle file
[2026-02-08 16:17:16,228] 168 root - INFO - Model Trainer Artifact: ModelTrainerArtifact(trained_model_file_path='Artifacts\\02_08_2026_16_05_59\\model_trainer\\trained_model\\model.pkl', test_metric_artifact=ClassificationMetricArtifact(f1_score=0.9228687415426252, precision_score=0.9342465753424658, recall_score=0.9117647058823529, accuracy_score=0.9595457771469127, y_true=array([1., 0., 1., ..., 0., 0., 1.], shape=(2818,)), y_pred=array([1., 0., 1., ..., 0., 0., 1.], shape=(2818,))), best_model_name='Random Forest', best_model_score=0.9228687415426252)
[2026-02-08 16:17:16,243] 62 root - INFO - Model Training Completed.
